>>> from matrix import matrix

>>> matrix([2, 4, 5], [3, 5, 6])
56

>>> matrix([3.12, 3.2], [4.4, 1.3])
17.888

>>> matrix([2, 3])
Traceback (most recent call last):
  File "<stdin>", line 1, in <module>
TypeError: matrix() missing 1 required positional argument: 'm_b'

>>> matrix()
Traceback (most recent call last):
  File "<stdin>", line 1, in <module>
TypeError: matrix() missing 2 required positional arguments: 'm_a' and 'm_b'

>>> matrix([2, 3, 3], [1, 2, 6], [2, 3, 5])
Traceback (most recent call last):
  File "<stdin>", line 1, in <module>
TypeError: matrix() takes 2 positional arguments but 3 were given

